// Jest Snapshot v1, https://goo.gl/fbAQLP

exports[`Button renders correctly 1`] = `
<DocumentFragment>
  .emotion-0 {
  display: inline-block;
  border-radius: 50%;
  width: 10px;
  height: 10px;
  background-color: #4f0599;
}

<div
    class="sui-box emotion-0"
  >
    This is hotpink.
  </div>
</DocumentFragment>
`;
