// Jest Snapshot v1, https://goo.gl/fbAQLP

exports[`BorderedBox renders correctly with default values 1`] = `
<DocumentFragment>
  .emotion-0 {
  padding: 8px 16px;
  border-radius: 4px;
  border: 1px solid #d4dae7;
}

<div
    class="sui-box emotion-0"
  >
    Sample BorderedBox
  </div>
</DocumentFragment>
`;
